// Jest Snapshot v1, https://goo.gl/fbAQLP

exports[`<SideNav /> should render correctly 1`] = `ShallowWrapper {}`;
